// Jest Snapshot v1, https://goo.gl/fbAQLP

exports[`PostDetails component renders correctly 1`] = `
<div
  className="PostDetails"
>
  <div
    className="PostDetails-info"
  >
    <h2>
      Test Post
    </h2>
    <span
      className="PostDetails-creator-info"
    >
      Posted by 
      <Link
        replace={false}
        to="/profile/1111"
      >
        Test User
      </Link>
       on 
      January 1st 2001
    </span>
  </div>
  <div
    className="PostDetails-description"
  >
    <p>
      A test post.
    </p>
  </div>
</div>
`;
