// Jest Snapshot v1, https://goo.gl/fbAQLP

exports[`ProfileInfo renders correctly 1`] = `
<div
  className="ProfileInfo section-border"
>
  <h2
    className="ProfileInfo-name"
  >
    Test User
  </h2>
  <div
    className="ProfileInfo-section"
  >
    <strong>
      Location:
    </strong>
     
    Somewhere
  </div>
  <div
    className="ProfileInfo-section"
  >
    <strong>
      About:
    </strong>
     
    A test user.
  </div>
</div>
`;
