// Jest Snapshot v1, https://goo.gl/fbAQLP

exports[`renders PostList element correctly 1`] = `
<MasonryComponent
  className="PostList-masonry"
  disableImagesLoaded={false}
  elementType="div"
  enableResizableChildren={false}
  onLayoutComplete={[Function]}
  onRemoveComplete={[Function]}
  options={
    Object {
      "fitWidth": true,
      "gutter": 6,
    }
  }
  updateOnEachImageLoad={false}
>
  <PostCard
    post={
      Object {
        "id": "11111",
        "image": "http://localhost:3001/exampleImg.png",
        "title": "test card 11111",
        "type": "image",
        "youtubeID": null,
      }
    }
  />
  <PostCard
    post={
      Object {
        "id": "22222",
        "image": "http://localhost:3001/exampleImg.png",
        "title": "test card 22222",
        "type": "image",
        "youtubeID": null,
      }
    }
  />
  <PostCard
    post={
      Object {
        "id": "33333",
        "image": "http://localhost:3001/exampleImg.png",
        "title": "test card 33333",
        "type": "image",
        "youtubeID": null,
      }
    }
  />
  <PostCard
    post={
      Object {
        "id": "44444",
        "image": "http://localhost:3001/exampleImg.png",
        "title": "test card 44444",
        "type": "image",
        "youtubeID": null,
      }
    }
  />
  <PostCard
    post={
      Object {
        "id": "55555",
        "image": "http://localhost:3001/exampleImg.png",
        "title": "test card 55555",
        "type": "image",
        "youtubeID": null,
      }
    }
  />
</MasonryComponent>
`;
