// Jest Snapshot v1, https://goo.gl/fbAQLP

exports[`PostCard element renders correctly 1`] = `
<PostCard
  post={
    Object {
      "image": "http://localhost:3001/exampleImg.png",
      "title": "test card",
      "type": "image",
      "youtubeID": null,
    }
  }
>
  <div
    className="PostCard-main"
  >
    <SafeImage
      alt="test card"
      className="PostCard-img"
      src="http://localhost:3001/exampleImg.png"
    >
      <img
        alt="test card"
        className="PostCard-img"
        onError={[Function]}
        src="http://localhost:3001/exampleImg.png"
      />
    </SafeImage>
    <div
      className="PostCard-stats"
    >
      <div
        className="PostCard-stat"
      >
        <i
          aria-hidden="true"
          className="fa fa-lg fa-heart"
        />
        <div
          className="PostCard-number"
        />
      </div>
      <div
        className="PostCard-stat"
      >
        <i
          aria-hidden="true"
          className="fa fa-lg fa-comment"
        />
        <div
          className="PostCard-number"
        />
      </div>
    </div>
  </div>
</PostCard>
`;
