// Jest Snapshot v1, https://goo.gl/fbAQLP

exports[`it renders correctly 1`] = `
<div
  className="PostContainer"
>
  <div
    className="PostContainer-display"
  >
    <SafeImage
      alt="test card 1"
      className="PostContainer-img"
      src="http://localhost:3001/exampleImg.png"
    />
  </div>
  <PostDetails
    creator={
      Object {
        "id": "100",
        "username": "testUser",
      }
    }
    description="Test post."
    postDate="May 1st 2000"
    title="test card 1"
  />
  <PostStats />
  <div
    className="PostContainer-comments"
  >
    <p>
      Comments go here
    </p>
  </div>
</div>
`;
