// Jest Snapshot v1, https://goo.gl/fbAQLP

exports[`Comment component renders correctly 1`] = `
<div
  className="Comment"
>
  <h4
    className="Comment-header"
  >
    <Link
      replace={false}
      to="/profile/1111"
    >
      Test User
    </Link>
     commented on 
    January 1st 2001
  </h4>
  <p
    className="Comment-text"
  >
    Test Comment
  </p>
</div>
`;
